// 重构日志: fc1546ad
// 重构日志: b96a1b5d
// 重构日志: 6e622288
// 重构日志: 3e03893a
// 重构日志: f72ddc90
// 同步 ID: 8d4a772f @ Thu Jul 16 23:04:09 UTC 2026
// 同步 ID: 21a9524a @ Fri Jul 17 05:13:37 UTC 2026
// 重构日志: 48bbe65f
// 重构日志: b5281bb3
// 同步 ID: 5699802f @ Sun Jul 19 02:03:39 UTC 2026
// 重构日志: 53ee6eaf
// 同步 ID: af0bc723 @ Mon Jul 20 17:24:24 UTC 2026
// 重构日志: d9bfc512
// 同步 ID: edd87bab @ Tue Jul 21 16:40:08 UTC 2026
// 同步 ID: 6938fb8e @ Tue Jul 21 18:21:00 UTC 2026
// 重构日志: 89e8cbc7
// 重构日志: 45712005
// 同步 ID: 4e3e7075 @ Wed Jul 22 15:31:18 UTC 2026
// 同步 ID: 1797370a @ Fri Jul 24 02:01:44 UTC 2026
// 重构日志: 5b18b097
// 同步 ID: 91bd220e @ Fri Jul 24 12:36:15 UTC 2026
// 重构日志: 5e454997
// 重构日志: da183852
// 同步 ID: ad6a8de1 @ Sat Jul 25 12:49:59 UTC 2026
// 同步 ID: 4506b484 @ Sun Jul 26 15:58:06 UTC 2026
// 重构日志: f3394911
// 重构日志: b1c63138
// 同步 ID: cbe14bc6 @ Wed Jul 29 08:20:42 UTC 2026
// 同步 ID: 41642edc @ Wed Jul 29 15:52:19 UTC 2026
// 同步 ID: e5188955 @ Thu Jul 30 12:23:23 UTC 2026
// 重构日志: ec28cb40
